mode=hmiruntime time=2026-10-05T10:18:54.9323387+03:00
IUIService registered: InSAT.Framework.TestBase.UIServiceForTests
TimedTrace not found
TypesManager.ConfigName=MasterPLC ConfigPath=C:\Program Files\MPSSoft\MasterSCADA 4D 1.2\bin\..\Configs\MasterPLC
  static MasterSCADA.Controllers.Services.ConfigurationService.ControllerConfiguration.IncludeHMI = True
  static MasterSCADA.Controllers.Services.ConfigurationService.ControllerConfiguration.EnableStartHMIClient = False
  static MasterSCADA.Controllers.Adapters.DebugControllerInstance.EnableLocalFixedDefaultPort = False
  static Controllers.ControllerTypes.WindowsControllerInstance.DefaultShowTerminalWindowMode = None
EVT {"t":"2026-10-05T10:19:08.959+03:00","step":"codesys_before_runtime","HR0":"modbus_err:SocketException","IR0":"modbus_err:SocketException"}
EVT {"t":"2026-10-05T10:19:09.009+03:00","step":"runtime_processes_before","pids":""}
OpenProject OK: AHU_S1 root=MasterSCADA.HMI.RootItem
EVT {"t":"2026-10-05T10:19:43.059+03:00","step":"start_driver_call","exe":"C:\\Program Files\\MPSSoft\\MasterSCADA 4D 1.2\\bin\\Config\\MasterPLC\\WIN64\\IWIN32.EXE","workdir":"C:\\AI_BMS_POC\\master_scada_research\\hmi_api_poc\\phase0_s1\\run2\\rt_copy_hmi\\rt_work\\Debug_1","udp_port":31201,"start_args":" /ea:7","IncludeHMI":true}
  (could not read configuration errors: Object reference not set to an instance of an object.)
EVT {"t":"2026-10-05T10:19:56.820+03:00","step":"wait_config_loaded","loaded":true}
EVT {"t":"2026-10-05T10:19:56.829+03:00","step":"own_runtime_process","name":"IWIN32","pid":11736}
EVT {"t":"2026-10-05T10:19:56.875+03:00","step":"htdocs_found","index":"C:\\AI_BMS_POC\\master_scada_research\\hmi_api_poc\\phase0_s1\\run2\\rt_copy_hmi\\rt_work\\Debug_1\\htdocs\\index.html","files":141}
EVT {"t":"2026-10-05T10:20:20.612+03:00","step":"own_runtime_ports","pid":11736,"ports":"TCP 0.0.0.0:30757;TCP 0.0.0.0:31557;UDP 0.0.0.0:31201;UDP 0.0.0.0:31701;"}
EVT {"t":"2026-10-05T10:20:24.665+03:00","step":"hold","ms_FanStatus":"(Value:=0, SourceTime:=1601-01-01-03:00:00.000, StatusCode:=BadWaitingForInitialData)","ms_FanCommand":"(Value:=2, SourceTime:=2026-10-05-10:20:20.526, StatusCode:=Good)","codesys_HR0":"modbus_err:SocketException","codesys_IR0":"modbus_err:SocketException"}
EVT {"t":"2026-10-05T10:20:29.750+03:00","step":"hold","ms_FanStatus":"(Value:=0, SourceTime:=2026-10-05-10:20:25.336, StatusCode:=BadOutOfService)","ms_FanCommand":"(Value:=2, SourceTime:=2026-10-05-10:20:25.572, StatusCode:=Good)","codesys_HR0":"modbus_err:SocketException","codesys_IR0":"modbus_err:SocketException"}
EVT {"t":"2026-10-05T10:20:34.821+03:00","step":"hold","ms_FanStatus":"(Value:=0, SourceTime:=2026-10-05-10:20:30.457, StatusCode:=BadOutOfService)","ms_FanCommand":"(Value:=2, SourceTime:=2026-10-05-10:20:30.598, StatusCode:=Good)","codesys_HR0":"modbus_err:SocketException","codesys_IR0":"modbus_err:SocketException"}
EVT {"t":"2026-10-05T10:20:39.872+03:00","step":"hold","ms_FanStatus":"(Value:=0, SourceTime:=2026-10-05-10:20:35.743, StatusCode:=BadOutOfService)","ms_FanCommand":"(Value:=2, SourceTime:=2026-10-05-10:20:35.792, StatusCode:=Good)","codesys_HR0":"modbus_err:SocketException","codesys_IR0":"modbus_err:SocketException"}
EVT {"t":"2026-10-05T10:20:40.874+03:00","step":"hold_end","stop_flag":false,"seconds":20}
EVT {"t":"2026-10-05T10:20:40.958+03:00","step":"stop_controller","ok":true}
EVT {"t":"2026-10-05T10:20:48.048+03:00","step":"codesys_after_runtime","HR0":"modbus_err:SocketException","IR0":"modbus_err:SocketException"}
EVT {"t":"2026-10-05T10:20:53.071+03:00","step":"project_disposed_without_save","ok":true}
