mode=s81runtime time=2026-10-06T18:06:05.2804447+03:00
IUIService registered: InSAT.Framework.TestBase.UIServiceForTests
TimedTrace not found
TypesManager.ConfigName=MasterPLC ConfigPath=C:\Program Files\MPSSoft\MasterSCADA 4D 1.2\bin\..\Configs\MasterPLC
  static MasterSCADA.Controllers.Services.ConfigurationService.ControllerConfiguration.IncludeHMI = False
  static MasterSCADA.Controllers.Services.ConfigurationService.ControllerConfiguration.EnableStartHMIClient = False
  static MasterSCADA.Controllers.Adapters.DebugControllerInstance.EnableLocalFixedDefaultPort = False
  static Controllers.ControllerTypes.WindowsControllerInstance.DefaultShowTerminalWindowMode = None
EVT {"t":"2026-10-06T18:06:22.128+03:00","step":"codesys_before_runtime","HR0":2,"IR0":0}
OpenProject OK: AHU_S81 root=MasterSCADA.HMI.RootItem
EVT {"t":"2026-10-06T18:07:04.793+03:00","step":"project_opened","project":"AHU_S81","FanCommand":"System.АРМ 1.IO Protocols.Modbus TCP.Модуль Modbus TCP 1.FanCommand.Output","FanStatus":"System.АРМ 1.IO Protocols.Modbus TCP.Модуль Modbus TCP 1.FanStatus.Input","SupplyTemp":"System.АРМ 1.IO Protocols.Modbus TCP.Модуль Modbus TCP 1.SupplyTemp.Input","FanSpeed":"System.АРМ 1.IO Protocols.Modbus TCP.Модуль Modbus TCP 1.FanSpeed.Input"}
EVT {"t":"2026-10-06T18:07:04.795+03:00","step":"start_driver_call","exe":"C:\\Program Files\\MPSSoft\\MasterSCADA 4D 1.2\\bin\\Config\\MasterPLC\\WIN64\\IWIN32.EXE","workdir":"C:\\AI_BMS_POC\\master_scada_research\\hmi_api_poc\\phase0_s81\\rt_copy_fault\\rt_work\\Debug_1","udp_port":31201}
EVT {"t":"2026-10-06T18:07:15.130+03:00","step":"wait_config_loaded","loaded":true}
EVT {"t":"2026-10-06T18:07:15.391+03:00","step":"write_target","how":"child pin 'Value' of Output"}
EVT {"t":"2026-10-06T18:07:15.517+03:00","step":"baseline_stopped","ms_FanStatus":"(Value:=0, SourceTime:=2026-10-06-18:07:15.257, StatusCode:=Good)","codesys_IR0":0,"codesys_HR0":2}
EVT {"t":"2026-10-06T18:07:15.879+03:00","step":"start_closed_loop","ok":true,"ms_FanStatus":"(Value:=3, SourceTime:=2026-10-06-18:07:15.597, StatusCode:=Good)","ms_FanStatus_code":"Good","codesys_IR0":3,"codesys_HR0":1,"ms_SupplyTemp":"(Value:=21, SourceTime:=2026-10-06-18:07:15.618, StatusCode:=Good)","ms_FanSpeed":"(Value:=50, SourceTime:=2026-10-06-18:07:15.597, StatusCode:=Good)"}
EVT {"t":"2026-10-06T18:07:15.881+03:00","step":"hold_ready","path":"C:\\AI_BMS_POC\\master_scada_research\\hmi_api_poc\\phase0_s81\\rt_copy_fault\\rt_work\\hold_ready.txt"}
EVT {"t":"2026-10-06T18:07:15.959+03:00","step":"hold","ms_FanStatus":"(Value:=3, SourceTime:=2026-10-06-18:07:15.597, StatusCode:=Good)","ms_FanStatus_int":3,"ms_FanStatus_code":"Good","ms_SupplyTemp":"(Value:=21, SourceTime:=2026-10-06-18:07:15.618, StatusCode:=Good)","ms_SupplyTemp_f":21,"ms_SupplyTemp_code":"Good","ms_FanSpeed":"(Value:=50, SourceTime:=2026-10-06-18:07:15.597, StatusCode:=Good)","ms_FanSpeed_f":50,"ms_FanSpeed_code":"Good","codesys_HR0":1,"codesys_IR0":3,"sawFault":false,"sawRecovery":false,"sawTemp21":true,"sawSpeed50":true}
EVT {"t":"2026-10-06T18:07:16.542+03:00","step":"hold","ms_FanStatus":"(Value:=3, SourceTime:=2026-10-06-18:07:16.260, StatusCode:=Good)","ms_FanStatus_int":3,"ms_FanStatus_code":"Good","ms_SupplyTemp":"(Value:=21, SourceTime:=2026-10-06-18:07:16.281, StatusCode:=Good)","ms_SupplyTemp_f":21,"ms_SupplyTemp_code":"Good","ms_FanSpeed":"(Value:=50, SourceTime:=2026-10-06-18:07:16.260, StatusCode:=Good)","ms_FanSpeed_f":50,"ms_FanSpeed_code":"Good","codesys_HR0":1,"codesys_IR0":3,"sawFault":false,"sawRecovery":false,"sawTemp21":true,"sawSpeed50":true}
EVT {"t":"2026-10-06T18:07:17.129+03:00","step":"hold","ms_FanStatus":"(Value:=3, SourceTime:=2026-10-06-18:07:16.806, StatusCode:=Good)","ms_FanStatus_int":3,"ms_FanStatus_code":"Good","ms_SupplyTemp":"(Value:=21, SourceTime:=2026-10-06-18:07:16.826, StatusCode:=Good)","ms_SupplyTemp_f":21,"ms_SupplyTemp_code":"Good","ms_FanSpeed":"(Value:=50, SourceTime:=2026-10-06-18:07:16.806, StatusCode:=Good)","ms_FanSpeed_f":50,"ms_FanSpeed_code":"Good","codesys_HR0":1,"codesys_IR0":3,"sawFault":false,"sawRecovery":false,"sawTemp21":true,"sawSpeed50":true}
EVT {"t":"2026-10-06T18:08:08.093+03:00","step":"summary_s81","start_ok":true,"fault_ms_ok":false,"fault_recovery_ok":false,"supplytemp_21_ok":true,"fanspeed_50_ok":true,"held_s":52}
EVT {"t":"2026-10-06T18:08:08.221+03:00","step":"stop_controller","ok":true}
EVT {"t":"2026-10-06T18:08:10.300+03:00","step":"codesys_after_runtime","HR0":2,"IR0":0}
EVT {"t":"2026-10-06T18:08:16.098+03:00","step":"project_disposed_without_save","ok":true}
